###############################################################################
#
# IAR ELF Linker V8.22.1.15669/W32 for ARM                30/Oct/2024  22:42:09
# Copyright 2007-2018 IAR Systems AB.
#
#    Output file  =  C:\Users\pnu2\Documents\project\Debug\Exe\test.out
#    Map file     =  C:\Users\pnu2\Documents\project\Debug\List\test.map
#    Command line =  
#        -f C:\Users\pnu2\AppData\Local\Temp\EW6A45.tmp
#        (C:\Users\pnu2\Documents\project\Debug\Obj\main.o
#        C:\Users\pnu2\Documents\project\Debug\Obj\misc.o
#        C:\Users\pnu2\Documents\project\Debug\Obj\startup_stm32f10x_cl.o
#        C:\Users\pnu2\Documents\project\Debug\Obj\stm32f10x_adc.o
#        C:\Users\pnu2\Documents\project\Debug\Obj\stm32f10x_bkp.o
#        C:\Users\pnu2\Documents\project\Debug\Obj\stm32f10x_can.o
#        C:\Users\pnu2\Documents\project\Debug\Obj\stm32f10x_cec.o
#        C:\Users\pnu2\Documents\project\Debug\Obj\stm32f10x_crc.o
#        C:\Users\pnu2\Documents\project\Debug\Obj\stm32f10x_dac.o
#        C:\Users\pnu2\Documents\project\Debug\Obj\stm32f10x_dbgmcu.o
#        C:\Users\pnu2\Documents\project\Debug\Obj\stm32f10x_dma.o
#        C:\Users\pnu2\Documents\project\Debug\Obj\stm32f10x_exti.o
#        C:\Users\pnu2\Documents\project\Debug\Obj\stm32f10x_flash.o
#        C:\Users\pnu2\Documents\project\Debug\Obj\stm32f10x_fsmc.o
#        C:\Users\pnu2\Documents\project\Debug\Obj\stm32f10x_gpio.o
#        C:\Users\pnu2\Documents\project\Debug\Obj\stm32f10x_i2c.o
#        C:\Users\pnu2\Documents\project\Debug\Obj\stm32f10x_it.o
#        C:\Users\pnu2\Documents\project\Debug\Obj\stm32f10x_iwdg.o
#        C:\Users\pnu2\Documents\project\Debug\Obj\stm32f10x_pwr.o
#        C:\Users\pnu2\Documents\project\Debug\Obj\stm32f10x_rcc.o
#        C:\Users\pnu2\Documents\project\Debug\Obj\stm32f10x_rtc.o
#        C:\Users\pnu2\Documents\project\Debug\Obj\stm32f10x_sdio.o
#        C:\Users\pnu2\Documents\project\Debug\Obj\stm32f10x_spi.o
#        C:\Users\pnu2\Documents\project\Debug\Obj\stm32f10x_tim.o
#        C:\Users\pnu2\Documents\project\Debug\Obj\stm32f10x_usart.o
#        C:\Users\pnu2\Documents\project\Debug\Obj\stm32f10x_wwdg.o
#        C:\Users\pnu2\Documents\project\Debug\Obj\system_stm32f10x.o -o
#        C:\Users\pnu2\Documents\project\Debug\Exe\test.out --map
#        C:\Users\pnu2\Documents\project\Debug\List\test.map --log
#        libraries,initialization,modules,redirects,sections,veneers,unused_fragments,call_graph
#        --log_file C:\Users\pnu2\Documents\project\Debug\List\test.log
#        --config "C:\Program Files (x86)\IAR Systems\Embedded Workbench
#        8.0\arm\config\linker\ST\stm32f107xC.icf" --semihosting --entry
#        __iar_program_start --vfe --text_out locale)
#
###############################################################################

*******************************************************************************
*** RUNTIME MODEL ATTRIBUTES
***

CppFlavor       = *
__SystemLibrary = DLib
__dlib_version  = 6


*******************************************************************************
*** HEAP SELECTION
***

The basic heap was selected because no calls to memory allocation
functions were found in the application outside of system library
functions, and there are calls to deallocation functions in the
application.


*******************************************************************************
*** PLACEMENT SUMMARY
***

"A0":  place at 0x08000000 { ro section .intvec };
"P1":  place in [from 0x08000000 to 0x0803ffff] { ro };
define block CSTACK with size = 4K, alignment = 8 { };
define block HEAP with size = 4K, alignment = 8 { };
"P2":  place in [from 0x20000000 to 0x2000ffff] {
          rw, block CSTACK, block HEAP };
initialize by copy { rw };

  Section            Kind        Address    Size  Object
  -------            ----        -------    ----  ------
"A0":                                      0x150
  .intvec            ro code  0x08000000   0x150  startup_stm32f10x_cl.o [1]
                            - 0x08000150   0x150

"P1":                                      0xa0c
  .text              ro code  0x08000150   0x20c  main.o [1]
  .text              ro code  0x0800035c   0x168  stm32f10x_rcc.o [1]
  .text              ro code  0x080004c4    0xc4  stm32f10x_gpio.o [1]
  .text              ro code  0x08000588   0x1a4  stm32f10x_usart.o [1]
  .text              ro code  0x0800072c    0x80  misc.o [1]
  .text              ro code  0x080007ac   0x1a4  system_stm32f10x.o [1]
  .text              ro code  0x08000950    0x2c  copy_init3.o [4]
  .text              ro code  0x0800097c    0x28  data_init.o [4]
  .iar.init_table    const    0x080009a4    0x14  - Linker created -
  .text              ro code  0x080009b8    0x1e  cmain.o [4]
  .text              ro code  0x080009d6     0x4  low_level_init.o [3]
  .text              ro code  0x080009da     0x4  exit.o [3]
  .text              ro code  0x080009e0     0xa  cexit.o [4]
  .text              ro code  0x080009ec    0x14  exit.o [5]
  Initializer bytes  const    0x08000a00    0x14  <for P2-1>
  .text              ro code  0x08000a14    0x12  stm32f10x_it.o [1]
  .text              ro code  0x08000a28    0x10  startup_stm32f10x_cl.o [1]
  .text              ro code  0x08000a38     0xc  cstartup_M.o [4]
  .text              ro code  0x08000a44     0x4  startup_stm32f10x_cl.o [1]
  .text              ro code  0x08000a48     0x4  startup_stm32f10x_cl.o [1]
  .text              ro code  0x08000a4c     0x4  startup_stm32f10x_cl.o [1]
  .text              ro code  0x08000a50     0x4  startup_stm32f10x_cl.o [1]
  .text              ro code  0x08000a54     0x4  startup_stm32f10x_cl.o [1]
  .text              ro code  0x08000a58     0x4  startup_stm32f10x_cl.o [1]
  .text              ro code  0x08000a5c     0x4  startup_stm32f10x_cl.o [1]
  .text              ro code  0x08000a60     0x4  startup_stm32f10x_cl.o [1]
  .text              ro code  0x08000a64     0x4  startup_stm32f10x_cl.o [1]
  .text              ro code  0x08000a68     0x4  startup_stm32f10x_cl.o [1]
  .text              ro code  0x08000a6c     0x4  startup_stm32f10x_cl.o [1]
  .text              ro code  0x08000a70     0x4  startup_stm32f10x_cl.o [1]
  .text              ro code  0x08000a74     0x4  startup_stm32f10x_cl.o [1]
  .text              ro code  0x08000a78     0x4  startup_stm32f10x_cl.o [1]
  .text              ro code  0x08000a7c     0x4  startup_stm32f10x_cl.o [1]
  .text              ro code  0x08000a80     0x4  startup_stm32f10x_cl.o [1]
  .text              ro code  0x08000a84     0x4  startup_stm32f10x_cl.o [1]
  .text              ro code  0x08000a88     0x4  startup_stm32f10x_cl.o [1]
  .text              ro code  0x08000a8c     0x4  startup_stm32f10x_cl.o [1]
  .text              ro code  0x08000a90     0x4  startup_stm32f10x_cl.o [1]
  .text              ro code  0x08000a94     0x4  startup_stm32f10x_cl.o [1]
  .text              ro code  0x08000a98     0x4  startup_stm32f10x_cl.o [1]
  .text              ro code  0x08000a9c     0x4  startup_stm32f10x_cl.o [1]
  .text              ro code  0x08000aa0     0x4  startup_stm32f10x_cl.o [1]
  .text              ro code  0x08000aa4     0x4  startup_stm32f10x_cl.o [1]
  .text              ro code  0x08000aa8     0x4  startup_stm32f10x_cl.o [1]
  .text              ro code  0x08000aac     0x4  startup_stm32f10x_cl.o [1]
  .text              ro code  0x08000ab0     0x4  startup_stm32f10x_cl.o [1]
  .text              ro code  0x08000ab4     0x4  startup_stm32f10x_cl.o [1]
  .text              ro code  0x08000ab8     0x4  startup_stm32f10x_cl.o [1]
  .text              ro code  0x08000abc     0x4  startup_stm32f10x_cl.o [1]
  .text              ro code  0x08000ac0     0x4  startup_stm32f10x_cl.o [1]
  .text              ro code  0x08000ac4     0x4  startup_stm32f10x_cl.o [1]
  .text              ro code  0x08000ac8     0x4  startup_stm32f10x_cl.o [1]
  .text              ro code  0x08000acc     0x4  startup_stm32f10x_cl.o [1]
  .text              ro code  0x08000ad0     0x4  startup_stm32f10x_cl.o [1]
  .text              ro code  0x08000ad4     0x4  startup_stm32f10x_cl.o [1]
  .text              ro code  0x08000ad8     0x4  startup_stm32f10x_cl.o [1]
  .text              ro code  0x08000adc     0x4  startup_stm32f10x_cl.o [1]
  .text              ro code  0x08000ae0     0x4  startup_stm32f10x_cl.o [1]
  .text              ro code  0x08000ae4     0x4  startup_stm32f10x_cl.o [1]
  .text              ro code  0x08000ae8     0x4  startup_stm32f10x_cl.o [1]
  .text              ro code  0x08000aec     0x4  startup_stm32f10x_cl.o [1]
  .text              ro code  0x08000af0     0x4  startup_stm32f10x_cl.o [1]
  .text              ro code  0x08000af4     0x4  startup_stm32f10x_cl.o [1]
  .text              ro code  0x08000af8     0x4  startup_stm32f10x_cl.o [1]
  .text              ro code  0x08000afc     0x4  startup_stm32f10x_cl.o [1]
  .text              ro code  0x08000b00     0x4  startup_stm32f10x_cl.o [1]
  .text              ro code  0x08000b04     0x4  startup_stm32f10x_cl.o [1]
  .text              ro code  0x08000b08     0x4  startup_stm32f10x_cl.o [1]
  .text              ro code  0x08000b0c     0x4  startup_stm32f10x_cl.o [1]
  .text              ro code  0x08000b10     0x4  startup_stm32f10x_cl.o [1]
  .text              ro code  0x08000b14     0x4  startup_stm32f10x_cl.o [1]
  .text              ro code  0x08000b18     0x4  startup_stm32f10x_cl.o [1]
  .text              ro code  0x08000b1c     0x4  startup_stm32f10x_cl.o [1]
  .text              ro code  0x08000b20     0x4  startup_stm32f10x_cl.o [1]
  .text              ro code  0x08000b24     0x4  startup_stm32f10x_cl.o [1]
  .text              ro code  0x08000b28     0x4  startup_stm32f10x_cl.o [1]
  .text              ro code  0x08000b2c     0x4  startup_stm32f10x_cl.o [1]
  .text              ro code  0x08000b30     0x4  startup_stm32f10x_cl.o [1]
  .text              ro code  0x08000b34     0x4  startup_stm32f10x_cl.o [1]
  .text              ro code  0x08000b38     0x4  startup_stm32f10x_cl.o [1]
  .text              ro code  0x08000b3c     0x4  startup_stm32f10x_cl.o [1]
  .text              ro code  0x08000b40     0x4  startup_stm32f10x_cl.o [1]
  .text              ro code  0x08000b44     0x4  startup_stm32f10x_cl.o [1]
  .text              ro code  0x08000b48     0x4  startup_stm32f10x_cl.o [1]
  .text              ro code  0x08000b4c     0x4  startup_stm32f10x_cl.o [1]
  .text              ro code  0x08000b50     0x4  startup_stm32f10x_cl.o [1]
  .text              ro code  0x08000b54     0x4  startup_stm32f10x_cl.o [1]
  .text              ro code  0x08000b58     0x4  startup_stm32f10x_cl.o [1]
  .rodata            const    0x08000b5c     0x0  copy_init3.o [4]
                            - 0x08000b5c   0xa0c

"P2", part 1 of 2:                          0x14
  P2-1                        0x20000000    0x14  <Init block>
    .data            inited   0x20000000    0x10  stm32f10x_rcc.o [1]
    .data            inited   0x20000010     0x4  stm32f10x_rcc.o [1]
                            - 0x20000014    0x14

"P2", part 2 of 2:                        0x1000
  CSTACK                      0x20000018  0x1000  <Block>
    CSTACK           uninit   0x20000018  0x1000  <Block tail>
                            - 0x20001018  0x1000


*******************************************************************************
*** INIT TABLE
***

          Address     Size
          -------     ----
Copy (__iar_copy_init3)
    1 source range, total size 0x14:
          0x08000a00  0x14
    1 destination range, total size 0x14:
          0x20000000  0x14



*******************************************************************************
*** MODULE SUMMARY
***

    Module                  ro code  ro data  rw data
    ------                  -------  -------  -------
C:\Users\pnu2\Documents\project\Debug\Obj: [1]
    main.o                      524
    misc.o                      128
    startup_stm32f10x_cl.o      632
    stm32f10x_gpio.o            196
    stm32f10x_it.o               18
    stm32f10x_rcc.o             360       20       20
    stm32f10x_usart.o           420
    system_stm32f10x.o          420
    -------------------------------------------------
    Total:                    2 698       20       20

command line: [2]
    -------------------------------------------------
    Total:

dl7M_tln.a: [3]
    exit.o                        4
    low_level_init.o              4
    -------------------------------------------------
    Total:                        8

rt7M_tl.a: [4]
    cexit.o                      10
    cmain.o                      30
    copy_init3.o                 44
    cstartup_M.o                 12
    data_init.o                  40
    -------------------------------------------------
    Total:                      136

shb_l.a: [5]
    exit.o                       20
    -------------------------------------------------
    Total:                       20

    Gaps                          6
    Linker created                        20    4 096
-----------------------------------------------------
    Grand Total:              2 868       40    4 116


*******************************************************************************
*** ENTRY LIST
***

Entry                      Address   Size  Type      Object
-----                      -------   ----  ----      ------
.iar.init_table$$Base   0x080009a4          --   Gb  - Linker created -
.iar.init_table$$Limit  0x080009b8          --   Gb  - Linker created -
?main                   0x080009b9         Code  Gb  cmain.o [4]
ADCPrescTable           0x20000010    0x4  Data  Lc  stm32f10x_rcc.o [1]
APBAHBPrescTable        0x20000000   0x10  Data  Lc  stm32f10x_rcc.o [1]
BusFault_Handler        0x08000a1b    0x2  Code  Gb  stm32f10x_it.o [1]
CSTACK$$Base            0x20000018          --   Gb  - Linker created -
CSTACK$$Limit           0x20001018          --   Gb  - Linker created -
DebugMon_Handler        0x08000a21    0x2  Code  Gb  stm32f10x_it.o [1]
GPIO_Configure          0x08000195   0x64  Code  Gb  main.o [1]
GPIO_Init               0x080004c5   0xc4  Code  Gb  stm32f10x_gpio.o [1]
HardFault_Handler       0x08000a17    0x2  Code  Gb  stm32f10x_it.o [1]
MemManage_Handler       0x08000a19    0x2  Code  Gb  stm32f10x_it.o [1]
NMI_Handler             0x08000a15    0x2  Code  Gb  stm32f10x_it.o [1]
NVIC_Configure          0x08000285   0x54  Code  Gb  main.o [1]
NVIC_Init               0x08000737   0x60  Code  Gb  misc.o [1]
NVIC_PriorityGroupConfig
                        0x0800072d    0xa  Code  Gb  misc.o [1]
PendSV_Handler          0x08000a23    0x2  Code  Gb  stm32f10x_it.o [1]
RCC_APB1PeriphClockCmd  0x08000481   0x20  Code  Gb  stm32f10x_rcc.o [1]
RCC_APB2PeriphClockCmd  0x08000461   0x20  Code  Gb  stm32f10x_rcc.o [1]
RCC_Configure           0x0800016d   0x28  Code  Gb  main.o [1]
RCC_GetClocksFreq       0x0800035d  0x104  Code  Gb  stm32f10x_rcc.o [1]
Region$$Table$$Base     0x080009a4          --   Gb  - Linker created -
Region$$Table$$Limit    0x080009b8          --   Gb  - Linker created -
SVC_Handler             0x08000a1f    0x2  Code  Gb  stm32f10x_it.o [1]
SetSysClock             0x08000813    0x8  Code  Lc  system_stm32f10x.o [1]
SetSysClockTo72         0x0800081b  0x110  Code  Lc  system_stm32f10x.o [1]
SysTick_Handler         0x08000a25    0x2  Code  Gb  stm32f10x_it.o [1]
SystemInit              0x080007ad   0x66  Code  Gb  system_stm32f10x.o [1]
USART1_IRQHandler       0x080002d9   0x2c  Code  Gb  main.o [1]
USART1_Init             0x080001f9   0x46  Code  Gb  main.o [1]
USART2_IRQHandler       0x08000305   0x2c  Code  Gb  main.o [1]
USART2_Init             0x0800023f   0x46  Code  Gb  main.o [1]
USART_ClearITPendingBit
                        0x08000717   0x16  Code  Gb  stm32f10x_usart.o [1]
USART_Cmd               0x08000645   0x1c  Code  Gb  stm32f10x_usart.o [1]
USART_GetITStatus       0x080006bb   0x5c  Code  Gb  stm32f10x_usart.o [1]
USART_ITConfig          0x08000661   0x4a  Code  Gb  stm32f10x_usart.o [1]
USART_Init              0x08000589   0xb6  Code  Gb  stm32f10x_usart.o [1]
USART_ReceiveData       0x080006b3    0x8  Code  Gb  stm32f10x_usart.o [1]
USART_SendData          0x080006ab    0x8  Code  Gb  stm32f10x_usart.o [1]
UsageFault_Handler      0x08000a1d    0x2  Code  Gb  stm32f10x_it.o [1]
__NVIC_EnableIRQ        0x08000151   0x1c  Code  Lc  main.o [1]
__cmain                 0x080009b9         Code  Gb  cmain.o [4]
__exit                  0x080009ed   0x14  Code  Gb  exit.o [5]
__iar_copy_init3        0x08000951   0x2c  Code  Gb  copy_init3.o [4]
__iar_data_init3        0x0800097d   0x28  Code  Gb  data_init.o [4]
__iar_program_start     0x08000a39         Code  Gb  cstartup_M.o [4]
__iar_systems$$module {Abs}
                        0x00000001         Data  Gb  command line/config [2]
__low_level_init        0x080009d7    0x4  Code  Gb  low_level_init.o [3]
__vector_table          0x08000000         Data  Gb  startup_stm32f10x_cl.o [1]
_call_main              0x080009c5         Code  Gb  cmain.o [4]
_exit                   0x080009e1         Code  Gb  cexit.o [4]
_main                   0x080009d3         Code  Gb  cmain.o [4]
exit                    0x080009db    0x4  Code  Gb  exit.o [3]
main                    0x08000341   0x1c  Code  Gb  main.o [1]


[1] = C:\Users\pnu2\Documents\project\Debug\Obj
[2] = command line
[3] = dl7M_tln.a
[4] = rt7M_tl.a
[5] = shb_l.a

  2 868 bytes of readonly  code memory
     40 bytes of readonly  data memory
  4 116 bytes of readwrite data memory

Errors: none
Warnings: none
