###############################################################################
#
# IAR ELF Linker V8.22.1.15669/W32 for ARM                04/Oct/2024  21:25:02
# Copyright 2007-2018 IAR Systems AB.
#
#    Output file  =  C:\Users\pnu2\Documents\Embedded_week5\Debug\Exe\test.out
#    Map file     =  C:\Users\pnu2\Documents\Embedded_week5\Debug\List\test.map
#    Command line =  
#        -f C:\Users\pnu2\AppData\Local\Temp\EWE69.tmp
#        (C:\Users\pnu2\Documents\Embedded_week5\Debug\Obj\main.o
#        C:\Users\pnu2\Documents\Embedded_week5\Debug\Obj\misc.o
#        C:\Users\pnu2\Documents\Embedded_week5\Debug\Obj\startup_stm32f10x_cl.o
#        C:\Users\pnu2\Documents\Embedded_week5\Debug\Obj\stm32f10x_adc.o
#        C:\Users\pnu2\Documents\Embedded_week5\Debug\Obj\stm32f10x_bkp.o
#        C:\Users\pnu2\Documents\Embedded_week5\Debug\Obj\stm32f10x_can.o
#        C:\Users\pnu2\Documents\Embedded_week5\Debug\Obj\stm32f10x_cec.o
#        C:\Users\pnu2\Documents\Embedded_week5\Debug\Obj\stm32f10x_crc.o
#        C:\Users\pnu2\Documents\Embedded_week5\Debug\Obj\stm32f10x_dac.o
#        C:\Users\pnu2\Documents\Embedded_week5\Debug\Obj\stm32f10x_dbgmcu.o
#        C:\Users\pnu2\Documents\Embedded_week5\Debug\Obj\stm32f10x_dma.o
#        C:\Users\pnu2\Documents\Embedded_week5\Debug\Obj\stm32f10x_exti.o
#        C:\Users\pnu2\Documents\Embedded_week5\Debug\Obj\stm32f10x_flash.o
#        C:\Users\pnu2\Documents\Embedded_week5\Debug\Obj\stm32f10x_fsmc.o
#        C:\Users\pnu2\Documents\Embedded_week5\Debug\Obj\stm32f10x_gpio.o
#        C:\Users\pnu2\Documents\Embedded_week5\Debug\Obj\stm32f10x_i2c.o
#        C:\Users\pnu2\Documents\Embedded_week5\Debug\Obj\stm32f10x_it.o
#        C:\Users\pnu2\Documents\Embedded_week5\Debug\Obj\stm32f10x_iwdg.o
#        C:\Users\pnu2\Documents\Embedded_week5\Debug\Obj\stm32f10x_pwr.o
#        C:\Users\pnu2\Documents\Embedded_week5\Debug\Obj\stm32f10x_rcc.o
#        C:\Users\pnu2\Documents\Embedded_week5\Debug\Obj\stm32f10x_rtc.o
#        C:\Users\pnu2\Documents\Embedded_week5\Debug\Obj\stm32f10x_sdio.o
#        C:\Users\pnu2\Documents\Embedded_week5\Debug\Obj\stm32f10x_spi.o
#        C:\Users\pnu2\Documents\Embedded_week5\Debug\Obj\stm32f10x_tim.o
#        C:\Users\pnu2\Documents\Embedded_week5\Debug\Obj\stm32f10x_usart.o
#        C:\Users\pnu2\Documents\Embedded_week5\Debug\Obj\stm32f10x_wwdg.o
#        C:\Users\pnu2\Documents\Embedded_week5\Debug\Obj\system_stm32f10x.o -o
#        C:\Users\pnu2\Documents\Embedded_week5\Debug\Exe\test.out --map
#        C:\Users\pnu2\Documents\Embedded_week5\Debug\List\test.map --log
#        libraries,initialization,modules,redirects,sections,veneers,unused_fragments,call_graph
#        --log_file C:\Users\pnu2\Documents\Embedded_week5\Debug\List\test.log
#        --config "C:\Program Files (x86)\IAR Systems\Embedded Workbench
#        8.0\arm\config\linker\ST\stm32f107xC.icf" --semihosting --entry
#        __iar_program_start --vfe --text_out locale)
#
###############################################################################

*******************************************************************************
*** RUNTIME MODEL ATTRIBUTES
***

CppFlavor       = *
__SystemLibrary = DLib
__dlib_version  = 6


*******************************************************************************
*** HEAP SELECTION
***

The basic heap was selected because no calls to memory allocation
functions were found in the application outside of system library
functions, and there are calls to deallocation functions in the
application.


*******************************************************************************
*** PLACEMENT SUMMARY
***

"A0":  place at 0x08000000 { ro section .intvec };
"P1":  place in [from 0x08000000 to 0x0803ffff] { ro };
define block CSTACK with size = 4K, alignment = 8 { };
define block HEAP with size = 4K, alignment = 8 { };
"P2":  place in [from 0x20000000 to 0x2000ffff] {
          rw, block CSTACK, block HEAP };
initialize by copy { rw };

  Section            Kind        Address    Size  Object
  -------            ----        -------    ----  ------
"A0":                                      0x150
  .intvec            ro code  0x08000000   0x150  startup_stm32f10x_cl.o [1]
                            - 0x08000150   0x150

"P1":                                     0x24d4
  .text              ro code  0x08000150   0xe22  xprintffull_nomb.o [3]
  .text              ro code  0x08000f74    0x16  strchr.o [5]
  .text              ro code  0x08000f8c    0x40  xfail_s.o [3]
  .text              ro code  0x08000fcc    0x36  strlen.o [5]
  .text              ro code  0x08001004    0x58  memchr.o [5]
  .text              ro code  0x0800105c   0x22e  I64DivMod.o [5]
  .text              ro code  0x0800128c   0x1a2  DblMul.o [4]
  .text              ro code  0x08001430    0xa6  ABImemcpy.o [5]
  .text              ro code  0x080014d8    0x70  frexp.o [4]
  .text              ro code  0x08001548    0x2e  DblCmpLe.o [4]
  .text              ro code  0x08001578    0x2e  DblCmpGe.o [4]
  .text              ro code  0x080015a8   0x13a  ldexp.o [4]
  .text              ro code  0x080016e4    0x3a  DblToS32.o [4]
  .text              ro code  0x08001720    0x22  S32ToDbl.o [4]
  .text              ro code  0x08001744    0xe2  DblSub.o [4]
  .text              ro code  0x08001828   0x246  DblDiv.o [4]
  .text              ro code  0x08001a70    0x28  DblToU32.o [4]
  .text              ro code  0x08001a98    0x1a  U32ToDbl.o [4]
  .text              ro code  0x08001ab2     0x6  abort.o [3]
  .text              ro code  0x08001ab8     0x2  I64DivZer.o [5]
  .text              ro code  0x08001abc   0x168  DblAdd.o [4]
  .text              ro code  0x08001c24    0x14  exit.o [6]
  .text              ro code  0x08001c38    0x7c  iarttio.o [6]
  .text              ro code  0x08001cb4    0x3c  XShttio.o [3]
  .text              ro code  0x08001cf0   0x3dc  main.o [1]
  .text              ro code  0x080020cc    0x28  printf.o [3]
  .text              ro code  0x080020f4   0x1a4  system_stm32f10x.o [1]
  .text              ro code  0x08002298    0x38  packbits_init_single.o [5]
  .text              ro code  0x080022d0    0x28  data_init.o [5]
  .text              ro code  0x080022f8    0x22  iarwrite.o [6]
  .iar.init_table    const    0x0800231c    0x10  - Linker created -
  .text              ro code  0x0800232c    0x20  putchar.o [3]
  .text              ro code  0x0800234c    0x10  write.o [6]
  .text              ro code  0x0800235c    0x1e  dwrite.o [6]
  .text              ro code  0x0800237a    0x20  iarwstd.o [6]
  .text              ro code  0x0800239c    0x1e  cmain.o [5]
  .text              ro code  0x080023ba     0x4  low_level_init.o [3]
  .text              ro code  0x080023be     0x4  exit.o [3]
  .text              ro code  0x080023c4     0xa  cexit.o [5]
  .rodata            const    0x080023d0    0x18  main.o [1]
  .rodata            const    0x080023e8    0x18  main.o [1]
  .text              ro code  0x08002400    0x16  xprout.o [3]
  .rodata            const    0x08002418    0x14  main.o [1]
  .rodata            const    0x0800242c    0x14  main.o [1]
  .text              ro code  0x08002440    0x12  stm32f10x_it.o [1]
  .rodata            const    0x08002454    0x10  main.o [1]
  .rodata            const    0x08002464    0x10  main.o [1]
  .rodata            const    0x08002474    0x10  main.o [1]
  .rodata            const    0x08002484    0x10  main.o [1]
  .rodata            const    0x08002494    0x10  main.o [1]
  .rodata            const    0x080024a4    0x10  main.o [1]
  .rodata            const    0x080024b4    0x10  main.o [1]
  .rodata            const    0x080024c4    0x10  main.o [1]
  .text              ro code  0x080024d4    0x10  startup_stm32f10x_cl.o [1]
  .rodata            const    0x080024e4     0xc  main.o [1]
  .rodata            const    0x080024f0     0xc  main.o [1]
  .text              ro code  0x080024fc     0xc  cstartup_M.o [5]
  .text              ro code  0x08002508     0x4  startup_stm32f10x_cl.o [1]
  .text              ro code  0x0800250c     0x4  startup_stm32f10x_cl.o [1]
  .text              ro code  0x08002510     0x4  startup_stm32f10x_cl.o [1]
  .text              ro code  0x08002514     0x4  startup_stm32f10x_cl.o [1]
  .text              ro code  0x08002518     0x4  startup_stm32f10x_cl.o [1]
  .text              ro code  0x0800251c     0x4  startup_stm32f10x_cl.o [1]
  .text              ro code  0x08002520     0x4  startup_stm32f10x_cl.o [1]
  .text              ro code  0x08002524     0x4  startup_stm32f10x_cl.o [1]
  .text              ro code  0x08002528     0x4  startup_stm32f10x_cl.o [1]
  .text              ro code  0x0800252c     0x4  startup_stm32f10x_cl.o [1]
  .text              ro code  0x08002530     0x4  startup_stm32f10x_cl.o [1]
  .text              ro code  0x08002534     0x4  startup_stm32f10x_cl.o [1]
  .text              ro code  0x08002538     0x4  startup_stm32f10x_cl.o [1]
  .text              ro code  0x0800253c     0x4  startup_stm32f10x_cl.o [1]
  .text              ro code  0x08002540     0x4  startup_stm32f10x_cl.o [1]
  .text              ro code  0x08002544     0x4  startup_stm32f10x_cl.o [1]
  .text              ro code  0x08002548     0x4  startup_stm32f10x_cl.o [1]
  .text              ro code  0x0800254c     0x4  startup_stm32f10x_cl.o [1]
  .text              ro code  0x08002550     0x4  startup_stm32f10x_cl.o [1]
  .text              ro code  0x08002554     0x4  startup_stm32f10x_cl.o [1]
  .text              ro code  0x08002558     0x4  startup_stm32f10x_cl.o [1]
  .text              ro code  0x0800255c     0x4  startup_stm32f10x_cl.o [1]
  .text              ro code  0x08002560     0x4  startup_stm32f10x_cl.o [1]
  .text              ro code  0x08002564     0x4  startup_stm32f10x_cl.o [1]
  .text              ro code  0x08002568     0x4  startup_stm32f10x_cl.o [1]
  .text              ro code  0x0800256c     0x4  startup_stm32f10x_cl.o [1]
  .text              ro code  0x08002570     0x4  startup_stm32f10x_cl.o [1]
  .text              ro code  0x08002574     0x4  startup_stm32f10x_cl.o [1]
  .text              ro code  0x08002578     0x4  startup_stm32f10x_cl.o [1]
  .text              ro code  0x0800257c     0x4  startup_stm32f10x_cl.o [1]
  .text              ro code  0x08002580     0x4  startup_stm32f10x_cl.o [1]
  .text              ro code  0x08002584     0x4  startup_stm32f10x_cl.o [1]
  .text              ro code  0x08002588     0x4  startup_stm32f10x_cl.o [1]
  .text              ro code  0x0800258c     0x4  startup_stm32f10x_cl.o [1]
  .text              ro code  0x08002590     0x4  startup_stm32f10x_cl.o [1]
  .text              ro code  0x08002594     0x4  startup_stm32f10x_cl.o [1]
  .text              ro code  0x08002598     0x4  startup_stm32f10x_cl.o [1]
  .text              ro code  0x0800259c     0x4  startup_stm32f10x_cl.o [1]
  .text              ro code  0x080025a0     0x4  startup_stm32f10x_cl.o [1]
  .text              ro code  0x080025a4     0x4  startup_stm32f10x_cl.o [1]
  .text              ro code  0x080025a8     0x4  startup_stm32f10x_cl.o [1]
  .text              ro code  0x080025ac     0x4  startup_stm32f10x_cl.o [1]
  .text              ro code  0x080025b0     0x4  startup_stm32f10x_cl.o [1]
  .text              ro code  0x080025b4     0x4  startup_stm32f10x_cl.o [1]
  .text              ro code  0x080025b8     0x4  startup_stm32f10x_cl.o [1]
  .text              ro code  0x080025bc     0x4  startup_stm32f10x_cl.o [1]
  .text              ro code  0x080025c0     0x4  startup_stm32f10x_cl.o [1]
  .text              ro code  0x080025c4     0x4  startup_stm32f10x_cl.o [1]
  .text              ro code  0x080025c8     0x4  startup_stm32f10x_cl.o [1]
  .text              ro code  0x080025cc     0x4  startup_stm32f10x_cl.o [1]
  .text              ro code  0x080025d0     0x4  startup_stm32f10x_cl.o [1]
  .text              ro code  0x080025d4     0x4  startup_stm32f10x_cl.o [1]
  .text              ro code  0x080025d8     0x4  startup_stm32f10x_cl.o [1]
  .text              ro code  0x080025dc     0x4  startup_stm32f10x_cl.o [1]
  .text              ro code  0x080025e0     0x4  startup_stm32f10x_cl.o [1]
  .text              ro code  0x080025e4     0x4  startup_stm32f10x_cl.o [1]
  .text              ro code  0x080025e8     0x4  startup_stm32f10x_cl.o [1]
  .text              ro code  0x080025ec     0x4  startup_stm32f10x_cl.o [1]
  .text              ro code  0x080025f0     0x4  startup_stm32f10x_cl.o [1]
  .text              ro code  0x080025f4     0x4  startup_stm32f10x_cl.o [1]
  .text              ro code  0x080025f8     0x4  startup_stm32f10x_cl.o [1]
  .text              ro code  0x080025fc     0x4  startup_stm32f10x_cl.o [1]
  .text              ro code  0x08002600     0x4  startup_stm32f10x_cl.o [1]
  .text              ro code  0x08002604     0x4  startup_stm32f10x_cl.o [1]
  .text              ro code  0x08002608     0x4  startup_stm32f10x_cl.o [1]
  .text              ro code  0x0800260c     0x4  startup_stm32f10x_cl.o [1]
  .text              ro code  0x08002610     0x4  startup_stm32f10x_cl.o [1]
  .text              ro code  0x08002614     0x4  startup_stm32f10x_cl.o [1]
  .text              ro code  0x08002618     0x4  startup_stm32f10x_cl.o [1]
  .text              ro code  0x0800261c     0x4  startup_stm32f10x_cl.o [1]
  .rodata            const    0x08002620     0x0  packbits_init_single.o [5]
  Initializer bytes  const    0x08002620     0x4  <for P2-1>
                            - 0x08002624  0x24d4

"P2", part 1 of 2:                           0xd
  P2-1                        0x20000000     0xd  <Init block>
    .data            inited   0x20000000     0x8  XShttio.o [3]
    .bss             inited   0x20000008     0x4  xfail_s.o [3]
    .bss             inited   0x2000000c     0x1  XShttio.o [3]
                            - 0x2000000d     0xd

"P2", part 2 of 2:                        0x1000
  CSTACK                      0x20000010  0x1000  <Block>
    CSTACK           uninit   0x20000010  0x1000  <Block tail>
                            - 0x20001010  0x1000


*******************************************************************************
*** INIT TABLE
***

          Address     Size
          -------     ----
Copy/packbits (__iar_packbits_init_single3)
    1 source range, total size 0x4 (30% of destination):
          0x08002620   0x4
    1 destination range, total size 0xd:
          0x20000000   0xd



*******************************************************************************
*** MODULE SUMMARY
***

    Module                  ro code  ro data  rw data
    ------                  -------  -------  -------
C:\Users\pnu2\Documents\Embedded_week5\Debug\Obj: [1]
    main.o                      988      240
    startup_stm32f10x_cl.o      632
    stm32f10x_it.o               18
    system_stm32f10x.o          420
    -------------------------------------------------
    Total:                    2 058      240

command line: [2]
    -------------------------------------------------
    Total:

dl7M_tln.a: [3]
    XShttio.o                    60        3        9
    abort.o                       6
    exit.o                        4
    low_level_init.o              4
    printf.o                     40
    putchar.o                    32
    xfail_s.o                    64        1        4
    xprintffull_nomb.o        3 618
    xprout.o                     22
    -------------------------------------------------
    Total:                    3 850        4       13

m7M_tl.a: [4]
    DblAdd.o                    360
    DblCmpGe.o                   46
    DblCmpLe.o                   46
    DblDiv.o                    582
    DblMul.o                    418
    DblSub.o                    226
    DblToS32.o                   58
    DblToU32.o                   40
    S32ToDbl.o                   34
    U32ToDbl.o                   26
    frexp.o                     112
    ldexp.o                     314
    -------------------------------------------------
    Total:                    2 262

rt7M_tl.a: [5]
    ABImemcpy.o                 166
    I64DivMod.o                 558
    I64DivZer.o                   2
    cexit.o                      10
    cmain.o                      30
    cstartup_M.o                 12
    data_init.o                  40
    memchr.o                     88
    packbits_init_single.o       56
    strchr.o                     22
    strlen.o                     54
    -------------------------------------------------
    Total:                    1 038

shb_l.a: [6]
    dwrite.o                     30
    exit.o                       20
    iarttio.o                   124
    iarwrite.o                   34
    iarwstd.o                    32
    write.o                      16
    -------------------------------------------------
    Total:                      256

    Gaps                         32        8
    Linker created                        16    4 096
-----------------------------------------------------
    Grand Total:              9 496      268    4 109


*******************************************************************************
*** ENTRY LIST
***

Entry                      Address   Size  Type      Object
-----                      -------   ----  ----      ------
.iar.init_table$$Base   0x0800231c          --   Gb  - Linker created -
.iar.init_table$$Limit  0x0800232c          --   Gb  - Linker created -
?main                   0x0800239d         Code  Gb  cmain.o [5]
BusFault_Handler        0x08002447    0x2  Code  Gb  stm32f10x_it.o [1]
CSTACK$$Base            0x20000010          --   Gb  - Linker created -
CSTACK$$Limit           0x20001010          --   Gb  - Linker created -
DebugMon_Handler        0x0800244d    0x2  Code  Gb  stm32f10x_it.o [1]
HardFault_Handler       0x08002443    0x2  Code  Gb  stm32f10x_it.o [1]
LoadInt                 0x08000303   0x7a  Code  Lc  xprintffull_nomb.o [3]
MemManage_Handler       0x08002445    0x2  Code  Gb  stm32f10x_it.o [1]
NMI_Handler             0x08002441    0x2  Code  Gb  stm32f10x_it.o [1]
PendSV_Handler          0x0800244f    0x2  Code  Gb  stm32f10x_it.o [1]
PortConfiguration       0x08001ed5   0x4c  Code  Gb  main.o [1]
RCC_Enable              0x08001ea1   0x34  Code  Gb  main.o [1]
Region$$Table$$Base     0x0800231c          --   Gb  - Linker created -
Region$$Table$$Limit    0x0800232c          --   Gb  - Linker created -
SVC_Handler             0x0800244b    0x2  Code  Gb  stm32f10x_it.o [1]
SendData                0x08001fd7   0x1e  Code  Gb  main.o [1]
SetSysClock             0x08001d77  0x12a  Code  Gb  main.o [1]
SetSysClock             0x0800215b    0x8  Code  Lc  system_stm32f10x.o [1]
SetSysClockTo72         0x08002163  0x110  Code  Lc  system_stm32f10x.o [1]
SysInit                 0x08001cf1   0x86  Code  Gb  main.o [1]
SysTick_Handler         0x08002451    0x2  Code  Gb  stm32f10x_it.o [1]
SystemInit              0x080020f5   0x66  Code  Gb  system_stm32f10x.o [1]
UartInit                0x08001f21   0xa6  Code  Gb  main.o [1]
UsageFault_Handler      0x08002449    0x2  Code  Gb  stm32f10x_it.o [1]
_GenldFullNoMb          0x08000c71  0x274  Code  Lc  xprintffull_nomb.o [3]
_LdtobFullNoMb          0x08000845  0x3fe  Code  Lc  xprintffull_nomb.o [3]
_LitobFullNoMb          0x080006ed  0x112  Code  Lc  xprintffull_nomb.o [3]
_PrintfFullNoMb         0x08000151  0x1a4  Code  Gb  xprintffull_nomb.o [3]
_Prout                  0x08002401   0x16  Code  Gb  xprout.o [3]
_PutcharsFullNoMb       0x08000ee5   0x2e  Code  Lc  xprintffull_nomb.o [3]
_PutfldFullNoMb         0x0800037d  0x264  Code  Lc  xprintffull_nomb.o [3]
_PuttxtFullNoMb         0x080005e1  0x10c  Code  Lc  xprintffull_nomb.o [3]
__aeabi_cdcmple         0x08001549         Code  Gb  DblCmpLe.o [4]
__aeabi_cdrcmple        0x08001579         Code  Gb  DblCmpGe.o [4]
__aeabi_d2iz            0x080016e5         Code  Gb  DblToS32.o [4]
__aeabi_d2uiz           0x08001a71         Code  Gb  DblToU32.o [4]
__aeabi_ddiv            0x08001829         Code  Gb  DblDiv.o [4]
__aeabi_dmul            0x0800128d         Code  Gb  DblMul.o [4]
__aeabi_dsub            0x08001745         Code  Gb  DblSub.o [4]
__aeabi_i2d             0x08001721         Code  Gb  S32ToDbl.o [4]
__aeabi_ldiv0           0x08001ab9         Code  Gb  I64DivZer.o [5]
__aeabi_memcpy          0x08001431         Code  Gb  ABImemcpy.o [5]
__aeabi_memcpy4         0x08001451         Code  Gb  ABImemcpy.o [5]
__aeabi_memcpy8         0x08001451         Code  Gb  ABImemcpy.o [5]
__aeabi_ui2d            0x08001a99         Code  Gb  U32ToDbl.o [4]
__aeabi_uldivmod        0x0800105d         Code  Gb  I64DivMod.o [5]
__cmain                 0x0800239d         Code  Gb  cmain.o [5]
__dwrite                0x0800235d   0x1e  Code  Gb  dwrite.o [6]
__exit                  0x08001c25   0x14  Code  Gb  exit.o [6]
__iar_Fail_s            0x08000f8d   0x1c  Code  Gb  xfail_s.o [3]
__iar_Memchr            0x08001005         Code  Gb  memchr.o [5]
__iar_Strchr            0x08000f75         Code  Gb  strchr.o [5]
__iar_close_ttio        0x08001c39   0x2c  Code  Gb  iarttio.o [6]
__iar_dadd              0x08001755         Code  Gb  DblSub.o [4]
__iar_data_init3        0x080022d1   0x28  Code  Gb  data_init.o [5]
__iar_dsub              0x08001abd         Code  Gb  DblAdd.o [4]
__iar_dsubStart         0x08001acf         Code  Gb  DblAdd.o [4]
__iar_frexp             0x080014e5         Code  Gb  frexp.o [4]
__iar_frexp64           0x080014d9         Code  Gb  frexp.o [4]
__iar_frexpl            0x080014e5         Code  Gb  frexp.o [4]
__iar_get_ttio          0x08001c65   0x4c  Code  Gb  iarttio.o [6]
__iar_ldexp64           0x080015a9         Code  Gb  ldexp.o [4]
__iar_lookup_ttioh      0x08001ce3    0x4  Code  Gb  XShttio.o [3]
__iar_packbits_init_single3
                        0x08002299   0x38  Code  Gb  packbits_init_single.o [5]
__iar_program_start     0x080024fd         Code  Gb  cstartup_M.o [5]
__iar_scalbln64         0x080015a9         Code  Gb  ldexp.o [4]
__iar_scalbn64          0x080015a9         Code  Gb  ldexp.o [4]
__iar_sh_stdout         0x0800237b   0x20  Code  Gb  iarwstd.o [6]
__iar_sh_write          0x080022f9   0x22  Code  Gb  iarwrite.o [6]
__iar_systems$$module {Abs}
                        0x00000001         Data  Gb  command line/config [2]
__iar_ttio_guard_lock   0x08001cb5   0x1e  Code  Gb  XShttio.o [3]
__iar_ttio_guard_unlock
                        0x08001cd3   0x10  Code  Gb  XShttio.o [3]
__iar_ttio_handles      0x20000000    0x8  Data  Lc  XShttio.o [3]
__low_level_init        0x080023bb    0x4  Code  Gb  low_level_init.o [3]
__vector_table          0x08000000         Data  Gb  startup_stm32f10x_cl.o [1]
__write                 0x0800234d   0x10  Code  Gb  write.o [6]
_call_main              0x080023a9         Code  Gb  cmain.o [5]
_exit                   0x080023c5         Code  Gb  cexit.o [5]
_main                   0x080023b7         Code  Gb  cmain.o [5]
abort                   0x08001ab3    0x6  Code  Gb  abort.o [3]
delay                   0x08001fc7   0x10  Code  Gb  main.o [1]
exit                    0x080023bf    0x4  Code  Gb  exit.o [3]
frexp                   0x080014d9         Code  Gb  frexp.o [4]
frexpl                  0x080014d9         Code  Gb  frexp.o [4]
ldexp                   0x080015a9         Code  Gb  ldexp.o [4]
ldexpl                  0x080015a9         Code  Gb  ldexp.o [4]
main                    0x08001ff5   0x4e  Code  Gb  main.o [1]
memchr                  0x08001005         Code  Gb  memchr.o [5]
printf                  0x080020cd   0x28  Code  Gb  printf.o [3]
putchar                 0x0800232d   0x20  Code  Gb  putchar.o [3]
scalbln                 0x080015a9         Code  Gb  ldexp.o [4]
scalblnl                0x080015a9         Code  Gb  ldexp.o [4]
scalbn                  0x080015a9         Code  Gb  ldexp.o [4]
scalbnl                 0x080015a9         Code  Gb  ldexp.o [4]
scale                   0x080007ff   0x46  Code  Lc  xprintffull_nomb.o [3]
sec_hand                0x20000008    0x4  Data  Lc  xfail_s.o [3]
strchr                  0x08000f75         Code  Gb  strchr.o [5]
strlen                  0x08000fcd         Code  Gb  strlen.o [5]
ttio_guard              0x2000000c    0x1  Data  Lc  XShttio.o [3]


[1] = C:\Users\pnu2\Documents\Embedded_week5\Debug\Obj
[2] = command line
[3] = dl7M_tln.a
[4] = m7M_tl.a
[5] = rt7M_tl.a
[6] = shb_l.a

  9 496 bytes of readonly  code memory
    268 bytes of readonly  data memory
  4 109 bytes of readwrite data memory

Errors: none
Warnings: none
